>>> say_my_name = __import__("3-say_my_name").say_my_name
>>> say_my_name("agneta", "orwa")
My name is agneta orwa
>>> say_my_name("kijal")
My name is kijal 
>>> say_my_name(5)
Traceback (most recent call last):
    ...
TypeError: first_name must be a string
>>> say_my_name("kijal", 30)
Traceback (most recent call last):
    ...
TypeError: last_name must be a string
>>> say_my_name(50, 30)
Traceback (most recent call last):
    ...
TypeError: first_name must be a string
>>> say_my_name("", "jo")
My name is  jo
>>> say_my_name()
Traceback (most recent call last):
  ...
TypeError: say_my_name() missing 1 required positional argument: 'first_name'
